run_id=step5-inject-bad-v2
raw_records=247
cleaned_records=34
quarantine_records=213
cleaned_csv=artifacts\cleaned\cleaned_step5-inject-bad-v2.csv
quarantine_csv=artifacts\quarantine\quarantine_step5-inject-bad-v2.csv
expectation[min_one_row] OK (halt) :: cleaned_rows=34
expectation[no_empty_doc_id] OK (halt) :: empty_doc_id_count=0
expectation[refund_no_stale_14d_window] FAIL (halt) :: violations=1
expectation[chunk_min_length_8] OK (warn) :: short_chunks=0
expectation[effective_date_iso_yyyy_mm_dd] OK (halt) :: non_iso_rows=0
expectation[hr_leave_no_stale_10d_annual] OK (halt) :: violations=0
expectation[only_registered_doc_ids] OK (halt) :: unknown_doc_ids=[]
expectation[all_canonical_sources_present] OK (halt) :: missing_doc_ids=[]
expectation[no_duplicate_doc_content] OK (halt) :: duplicate_rows=0
expectation[unique_non_empty_chunk_id] OK (halt) :: duplicate_ids=0, empty_ids=0
expectation[exported_at_iso_datetime] OK (halt) :: invalid_exported_at_rows=0
WARN: expectation failed but --skip-validate → tiếp tục embed (chỉ dùng cho demo Sprint 3).
embed_prune_removed=1
embed_upsert count=34 collection=day10_kb
manifest_written=artifacts\manifests\manifest_step5-inject-bad-v2.json
freshness_check=FAIL {"latest_exported_at": "2026-04-10T00:00:00", "age_hours": 1469.434, "sla_hours": 24.0, "reason": "freshness_sla_exceeded"}
PIPELINE_OK
